C251 COMPILER V5.60.0,  pid_control_convert                                                16/09/23  22:11:33  PAGE 1   


C251 COMPILER V5.60.0, COMPILATION OF MODULE pid_control_convert
OBJECT MODULE PLACED IN .\Out_File\pid_control_convert.obj
COMPILER INVOKED BY: C:\keil MCK\C251\BIN\C251.EXE pid_control_convert.c XSMALL INTR2 WARNINGLEVEL(3) OPTIMIZE(0,SPEED) 
                    -BROWSE INCDIR(..\..\Libraries\libraries;..\..\Libraries\seekfree_libraries;..\..\Libraries\seekfree_peripheral;..\CODE;.
                    -.\USER\inc;..\USER\src) DEBUG PRINT(.\Out_File\pid_control_convert.lst) TABS(2) OBJECT(.\Out_File\pid_control_convert.ob
                    -j) 

stmt  level    source

*** WARNING C38 IN LINE 1 OF pid_control_convert.c: empty translation unit


Module Information          Static   Overlayable
------------------------------------------------
  code size            =    ------     ------
  ecode size           =    ------     ------
  data size            =    ------     ------
  idata size           =    ------     ------
  pdata size           =    ------     ------
  xdata size           =    ------     ------
  xdata-const size     =    ------     ------
  edata size           =    ------     ------
  bit size             =    ------     ------
  ebit size            =    ------     ------
  bitaddressable size  =    ------     ------
  ebitaddressable size =    ------     ------
  far data size        =    ------     ------
  huge data size       =    ------     ------
  const size           =    ------     ------
  hconst size          =    ------     ------
End of Module Information.


C251 COMPILATION COMPLETE.  1 WARNING(S),  0 ERROR(S)
